pck_b.pks-10-14-NOT_REALLY_USED
pck_b.pkb-3-14-FUN_UNUSED
pck_b.pkb-8-14-FUN_ANOTHER_UNUSED
pck_b.pkb-24-14-NOT_REALLY_USED
