pck_a.pkb-4-7-V_UNUSED
pck_b.pkb-28-11-UNUSED
pck_b.pks-8-5-V_UNUSED_B
pck_b.pks-5-10-TEXT
